// Jest Snapshot v1, https://goo.gl/fbAQLP

exports[`App Component works 1`] = `
.c0 {
  color: green;
}

<button
  className="c0"
>
  Foo
</button>
`;
